### full: mlx large-v3 (en+ja) — recommendation candidate
2 configs, variant=full

[1/2] mlx/large-v3/en/full: running ...
[1/2] mlx/large-v3/en/full: done in 1167s -> mlx-whisper/large-v3/en: ok=True segs=1021 rtf=0.82
[2/2] mlx/large-v3/ja/full: running ...
[2/2] mlx/large-v3/ja/full: done in 573s -> mlx-whisper/large-v3/ja: ok=True segs=449 rtf=0.402

=== run summary ===
  [1/2] mlx/large-v3/en/full: 1167s
  [2/2] mlx/large-v3/ja/full: 573s
### full: faster small (en+ja) — fast/cheap alternative
2 configs, variant=full

[1/2] faster/small/en/full: running ...
[1/2] faster/small/en/full: done in 177s -> faster-whisper/small/en: ok=True segs=357 rtf=0.124
[2/2] faster/small/ja/full: running ...
[2/2] faster/small/ja/full: done in 294s -> faster-whisper/small/ja: ok=True segs=496 rtf=0.207

=== run summary ===
  [1/2] faster/small/en/full: 177s
  [2/2] faster/small/ja/full: 294s
### full: whisperx large-v3 en — timing-at-length claim
1 configs, variant=full

[1/1] whisperx/large-v3/en/full: running ...
[1/1] whisperx/large-v3/en/full: done in 663s -> whisperx/large-v3/en: ok=True segs=333 rtf=0.466

=== run summary ===
  [1/1] whisperx/large-v3/en/full: 663s
### end-to-end: EN dub transcript (mlx large-v3) -> PL via production translator
<frozen site>:101: RuntimeWarning: Unexpected value in sys.prefix, expected /Users/w/h_dev/movie_translator/.venv, got /Users/w/h_dev/movie_translator/benchmarks/asr/../../.venv
<frozen site>:101: RuntimeWarning: Unexpected value in sys.exec_prefix, expected /Users/w/h_dev/movie_translator/.venv, got /Users/w/h_dev/movie_translator/benchmarks/asr/../../.venv
Traceback (most recent call last):
  File "/Users/w/h_dev/movie_translator/benchmarks/asr/end2end_enpl.py", line 42, in <module>
    raise SystemExit(main())
                     ~~~~^^
  File "/Users/w/h_dev/movie_translator/benchmarks/asr/end2end_enpl.py", line 28, in main
    pl = tr.translate_texts(texts)
  File "/Users/w/h_dev/movie_translator/movie_translator/translation/translator.py", line 121, in translate_texts
    batch_translations = self._translate_batch(batch_texts)
  File "/Users/w/h_dev/movie_translator/movie_translator/translation/translator.py", line 185, in _translate_batch
    encoded = self._encode_texts(processed_texts)
  File "/Users/w/h_dev/movie_translator/movie_translator/translation/translator.py", line 244, in _encode_texts
    raise RuntimeError('Tokenizer not loaded — call load_model() first')
RuntimeError: Tokenizer not loaded — call load_model() first
### ALL FULL+E2E DONE
